 EPPLER/SOMERS PROFILE PROGRAM                  12:39  2Mar2026
 INPUT FILE: e1098b.dat
TRANSCENDENTAL EQUATION RESULTS FOR AIRFOIL 1098            ITERATION 0   MODE 6
    NU   ALPHA*  OMEGA'  OMEGA     K       MU     K H   LAMBDA LAMBDA*
  23.500   8.00   0.979  0.650   0.441   1.000 0.470162  15.95   4.00
  27.500  10.00
  32.011  12.00
  60.000   2.00   0.979  0.650   0.441   1.000-0.046833  15.95   4.00
 ITERATION 1   K S =-0.981345   DELTA = -0.09833921    ROUNDED = -0.098
 ITERATION 2   K S = 0.394277   DELTA = -0.00040770    ROUNDED = -0.000
TRANSCENDENTAL EQUATION RESULTS FOR AIRFOIL 1098            ITERATION 2   MODE 6
    NU   ALPHA*  OMEGA'  OMEGA     K       MU     K H   LAMBDA LAMBDA*
  23.500   8.00   0.984  0.649   0.443   1.000 0.455636  15.95   4.00
  27.500  10.00
  32.011  12.00
  60.000   2.00   0.984  0.649   0.443   1.000-0.061359  15.95   4.00
 AIRFOIL 1098           17.98% THICKNESS
 VELOCITY -DISTRIBUTION
 ANGLES OF ATTACK RELATIVE TO THE ZERO-LIFT LINE
  N     X        Y      2.00   8.00  10.00  12.00
  0  1.00000  0.00000  0.807  0.799  0.795  0.789
  1  0.99638  0.00092  0.828  0.825  0.822  0.818
  2  0.98613  0.00384  0.889  0.890  0.889  0.886
  3  0.97029  0.00857  0.957  0.964  0.964  0.963
  4  0.94932  0.01438  0.994  1.007  1.009  1.010
  5  0.92313  0.02098  1.004  1.023  1.027  1.029
  6  0.89195  0.02855  1.018  1.043  1.049  1.053
  7  0.85638  0.03716  1.035  1.067  1.075  1.082
  8  0.81707  0.04668  1.056  1.095  1.105  1.114
  9  0.77470  0.05696  1.081  1.128  1.141  1.152
 10  0.72996  0.06774  1.110  1.165  1.181  1.195
 11  0.68358  0.07872  1.143  1.208  1.227  1.245
 12  0.63623  0.08951  1.180  1.257  1.279  1.300
 13  0.58858  0.09972  1.221  1.311  1.338  1.363
 14  0.54122  0.10885  1.267  1.372  1.403  1.433
 15  0.49472  0.11641  1.318  1.439  1.476  1.511
 16  0.44953  0.12150  1.368  1.509  1.552  1.594
 17  0.40503  0.12344  1.354  1.509  1.557  1.604
 18  0.36076  0.12287  1.337  1.509  1.563  1.614
 19  0.31727  0.12036  1.319  1.509  1.569  1.626
 20  0.27505  0.11611  1.299  1.509  1.576  1.640
 21  0.23457  0.11030  1.275  1.509  1.583  1.656
 22  0.19627  0.10308  1.248  1.509  1.592  1.674
 23  0.16057  0.09461  1.216  1.509  1.603  1.695
 24  0.12784  0.08497  1.172  1.503  1.609  1.714
 25  0.09831  0.07435  1.113  1.488  1.609  1.729
 26  0.07223  0.06301  1.039  1.469  1.609  1.747
 27  0.04990  0.05122  0.943  1.445  1.609  1.771
 28  0.03155  0.03918  0.805  1.399  1.593  1.786
 29  0.01725  0.02715  0.602  1.317  1.553  1.786
 30  0.00707  0.01562  0.300  1.196  1.492  1.786
 31  0.00125  0.00520  0.199  0.995  1.392  1.786
 32  0.00047 -0.00295  1.192  0.596  1.192  1.786
 33  0.00622 -0.00975  1.209  0.173  0.173  0.519
 34  0.01847 -0.01680  1.209  0.486  0.243  0.000
 35  0.03601 -0.02385  1.209  0.655  0.468  0.281
 36  0.05843 -0.03067  1.209  0.762  0.611  0.459
 37  0.08535 -0.03708  1.209  0.835  0.709  0.581
 38  0.11640 -0.04293  1.209  0.890  0.781  0.671
 39  0.15117 -0.04808  1.209  0.931  0.837  0.741
 40  0.18922 -0.05235  1.209  0.965  0.881  0.796
 41  0.23009 -0.05561  1.209  0.992  0.917  0.841
 42  0.27328 -0.05763  1.209  1.015  0.948  0.879
 43  0.31827 -0.05824  1.209  1.035  0.974  0.912
 44  0.36446 -0.05679  1.209  1.052  0.997  0.941
 45  0.41235 -0.05256  1.153  1.017  0.970  0.921
 46  0.46259 -0.04630  1.099  0.982  0.941  0.898
 47  0.51470 -0.03894  1.050  0.949  0.913  0.876
 48  0.56805 -0.03105  1.007  0.919  0.888  0.855
 49  0.62193 -0.02317  0.968  0.892  0.864  0.836
 50  0.67551 -0.01574  0.934  0.868  0.844  0.818
 51  0.72792 -0.00917  0.904  0.846  0.825  0.803
 52  0.77824 -0.00375  0.877  0.828  0.809  0.790
 53  0.82551  0.00032  0.855  0.812  0.796  0.779
 54  0.86878  0.00296  0.836  0.799  0.785  0.770
 55  0.90715  0.00421  0.820  0.789  0.777  0.764
 56  0.93978  0.00421  0.807  0.782  0.771  0.760
 57  0.96588  0.00325  0.801  0.780  0.771  0.762
 58  0.98480  0.00181  0.801  0.785  0.778  0.770
 59  0.99620  0.00053  0.805  0.793  0.787  0.780
 60  1.00000 -0.00000  0.807  0.799  0.795  0.789
  ALPHA0 = 4.84 DEG.   CM0 =-0.1219    ETA = 1.129
  BOUNDARY LAYER    AIRFOIL 1098        
   ALPHA=  2.00 deg. relative to the ZERO-LIFT LINE
 UPPER SURFACE       R=  1000000 MU = 0    R=  3000000 MU = 0    R=
       S        U     1    H32     DELTA2    2    H32     DELTA2
  0.00720   0.300       1.6200  0.000045       1.6200  0.000026
  0.02260   0.602       1.6200  0.000066       1.6200  0.000038
  0.04129   0.805       1.6156  0.000083       1.6156  0.000048
  0.06326   0.943       1.6110  0.000103       1.6110  0.000059
  0.08851   1.039       1.6061  0.000123       1.6061  0.000071
  0.11696   1.113       1.6035  0.000143       1.6035  0.000082
  0.14834   1.172       1.6015  0.000162       1.6015  0.000093
  0.18246   1.216       1.5979  0.000182       1.5979  0.000105
  0.21915   1.248       1.5945  0.000203       1.5945  0.000117
  0.25813   1.275       1.5937  0.000223       1.5937  0.000129
  0.29902   1.299       1.5930  0.000242       1.5930  0.000140
  0.34146   1.319       1.5926  0.000260       1.5926  0.000150
  0.38501   1.337       1.5925  0.000277       1.5925  0.000160
  0.42928   1.354       1.5923  0.000294       1.5923  0.000170
  0.47383   1.368       1.5922  0.000309       1.5922  0.000178
  0.51931   1.318      -1.5425  0.000390      -1.5629  0.000227
  0.56641   1.267      -1.6699  0.000514      -1.7200  0.000331
  0.61464   1.221      -1.7058  0.000673      -1.7419  0.000466
  0.66337   1.180      -1.7164  0.000851      -1.7463  0.000613
  0.71193   1.143      -1.7194  0.001041      -1.7470  0.000769
  0.75959   1.110      -1.7197  0.001237      -1.7465  0.000928
  0.80559   1.081      -1.7187  0.001434      -1.7455  0.001088
  0.84919   1.056      -1.7174  0.001626      -1.7444  0.001245
  0.88964   1.035      -1.7160  0.001808      -1.7434  0.001392
  0.92622   1.018      -1.7150  0.001973      -1.7426  0.001527
  0.95831   1.004      -1.7143  0.002116      -1.7423  0.001644
  0.98531   0.994      -1.7143  0.002232      -1.7424  0.001739
  1.00707   0.957      -1.6892  0.002586      -1.7210  0.002014
  1.02359   0.889      -1.6199  0.003395      -1.6635  0.002627
  1.03424   0.828      -1.5171  0.004499      -1.5845  0.003425
  1.03797   0.807      -1.4600  0.005073      -1.5443  0.003812
  BOUNDARY LAYER    AIRFOIL 1098        
   ALPHA=  2.00 deg. relative to the ZERO-LIFT LINE
 LOWER SURFACE       R=  1000000 MU = 0    R=  3000000 MU = 0    R=
       S        U     1    H32     DELTA2    2    H32     DELTA2
  0.00478   0.199       1.6200  0.000045       1.6200  0.000026
  0.01312   1.192       1.6200  0.000027       1.6200  0.000015
  0.02216   1.209       1.5771  0.000062       1.5771  0.000036
  0.03632   1.209       1.5726  0.000095       1.5726  0.000055
  0.05524   1.209       1.5729  0.000126       1.5729  0.000073
  0.07869   1.209       1.5728  0.000156       1.5728  0.000090
  0.10637   1.209       1.5730  0.000185       1.5730  0.000107
  0.13797   1.209       1.5732  0.000214       1.5732  0.000124
  0.17313   1.209       1.5732  0.000242       1.5732  0.000140
  0.21143   1.209       1.5730  0.000269       1.5730  0.000155
  0.25244   1.209       1.5729  0.000296       1.5729  0.000171
  0.29568   1.209       1.5727  0.000321       1.5727  0.000185
  0.34068   1.209       1.5727  0.000346       1.5727  0.000200
  0.38690   1.209       1.5726  0.000369       1.5726  0.000213
  0.43499   1.153      -1.5940  0.000487      -1.6461  0.000291
  0.48562   1.099      -1.6698  0.000655      -1.7224  0.000430
  0.53825   1.050      -1.6934  0.000861      -1.7354  0.000598
  0.59219   1.007      -1.7002  0.001093      -1.7373  0.000786
  0.64664   0.968      -1.7008  0.001347      -1.7361  0.000989
  0.70074   0.934      -1.6984  0.001616      -1.7336  0.001204
  0.75357   0.904      -1.6947  0.001895      -1.7304  0.001426
  0.80418   0.877      -1.6902  0.002175      -1.7269  0.001649
  0.85163   0.855      -1.6854  0.002450      -1.7233  0.001868
  0.89499   0.836      -1.6805  0.002712      -1.7198  0.002076
  0.93339   0.820      -1.6760  0.002952      -1.7165  0.002266
  0.96602   0.807      -1.6718  0.003162      -1.7136  0.002432
  0.99215   0.801      -1.6725  0.003284      -1.7145  0.002530
  1.01113   0.801      -1.6789  0.003298      -1.7199  0.002546
  1.02261   0.805      -1.6860  0.003262      -1.7258  0.002523
  1.02645   0.807      -1.6892  0.003240      -1.7284  0.002508
  BOUNDARY LAYER    AIRFOIL 1098        
   ALPHA=  8.00 deg. relative to the ZERO-LIFT LINE
 UPPER SURFACE       R=  1000000 MU = 0    R=  3000000 MU = 0    R=
       S        U     1    H32     DELTA2    2    H32     DELTA2
  0.00701   0.596       1.6200  0.000031       1.6200  0.000018
  0.01534   0.995       1.6186  0.000041       1.6186  0.000024
  0.02732   1.196       1.6086  0.000061       1.6086  0.000035
  0.04272   1.317       1.6025  0.000080       1.6025  0.000046
  0.06142   1.399       1.5982  0.000100       1.5982  0.000058
  0.08338   1.445       1.5914  0.000121       1.5914  0.000070
  0.10864   1.469       1.5850  0.000145       1.5850  0.000083
  0.13708   1.488       1.5840  0.000167       1.5840  0.000096
  0.16846   1.503       1.5831  0.000188       1.5831  0.000109
  0.20259   1.509       1.5786  0.000212       1.5786  0.000122
  0.23927   1.509       1.5737  0.000236       1.5737  0.000136
  0.27825   1.509       1.5733  0.000259       1.5733  0.000150
  0.31915   1.509       1.5730  0.000281       1.5730  0.000163
  0.36158   1.509       1.5728  0.000303       1.5728  0.000175
  0.40514   1.509       1.5727  0.000323       1.5727  0.000187
  0.44941   1.509       1.5726  0.000342       1.5726  0.000198
  0.49395   1.509       1.5726  0.000361       1.5726  0.000208
  0.53943   1.439      -1.5921  0.000473      -1.6451  0.000282
  0.58654   1.372      -1.6644  0.000629      -1.7208  0.000410
  0.63476   1.311      -1.6886  0.000817      -1.7351  0.000563
  0.68350   1.257      -1.6958  0.001029      -1.7374  0.000733
  0.73205   1.208      -1.6964  0.001259      -1.7361  0.000916
  0.77971   1.165      -1.6937  0.001503      -1.7332  0.001108
  0.82572   1.128      -1.6892  0.001753      -1.7295  0.001306
  0.86931   1.095      -1.6839  0.002005      -1.7254  0.001505
  0.90976   1.067      -1.6782  0.002252      -1.7212  0.001698
  0.94635   1.043      -1.6723  0.002487      -1.7170  0.001882
  0.97843   1.023      -1.6667  0.002701      -1.7130  0.002050
  1.00543   1.007      -1.6616  0.002888      -1.7095  0.002196
  1.02719   0.964      -1.6217  0.003419      -1.6791  0.002588
  1.04371   0.890      -1.5059  0.004699      -1.5979  0.003474
  1.05436   0.825      -1.4600  0.006406      -1.4650  0.004776
  1.05809   0.799      -1.4600  0.007262      -1.4600  0.005424
  BOUNDARY LAYER    AIRFOIL 1098        
   ALPHA=  8.00 deg. relative to the ZERO-LIFT LINE
 LOWER SURFACE       R=  1000000 MU = 0    R=  3000000 MU = 0    R=
       S        U     1    H32     DELTA2    2    H32     DELTA2
  0.00203   0.173       1.6200  0.000031       1.6200  0.000018
  0.01619   0.486       1.6200  0.000062       1.6200  0.000036
  0.03512   0.655       1.6146  0.000090       1.6146  0.000052
  0.05857   0.762       1.6089  0.000117       1.6089  0.000068
  0.08625   0.835       1.6045  0.000143       1.6045  0.000083
  0.11785   0.890       1.6014  0.000169       1.6014  0.000098
  0.15301   0.931       1.5990  0.000194       1.5990  0.000112
  0.19130   0.965       1.5973  0.000218       1.5973  0.000126
  0.23231   0.992       1.5959  0.000241       1.5959  0.000139
  0.27556   1.015       1.5950  0.000264       1.5950  0.000152
  0.32056   1.035       1.5942  0.000285       1.5942  0.000165
  0.36678   1.052       1.5937  0.000306       1.5937  0.000176
  0.41486   1.017       1.5245  0.000384       1.5245  0.000222
  0.46550   0.982      -1.6556  0.000497      -1.7061  0.000313
  0.51813   0.949      -1.7062  0.000660      -1.7401  0.000454
  0.57207   0.919      -1.7195  0.000847      -1.7460  0.000611
  0.62652   0.892      -1.7234  0.001048      -1.7476  0.000777
  0.68061   0.868      -1.7243  0.001257      -1.7478  0.000949
  0.73344   0.846      -1.7241  0.001467      -1.7475  0.001122
  0.78406   0.828      -1.7234  0.001674      -1.7471  0.001292
  0.83151   0.812      -1.7228  0.001870      -1.7467  0.001453
  0.87487   0.799      -1.7224  0.002049      -1.7466  0.001601
  0.91327   0.789      -1.7224  0.002205      -1.7467  0.001730
  0.94590   0.782      -1.7229  0.002332      -1.7473  0.001835
  0.97203   0.780      -1.7271  0.002391      -1.7510  0.001886
  0.99101   0.785      -1.7352  0.002370      -1.7583  0.001874
  1.00249   0.793      -1.7437  0.002311      -1.7657  0.001830
  1.00633   0.799      -1.7494  0.002257      -1.7707  0.001788
  BOUNDARY LAYER    AIRFOIL 1098        
   ALPHA= 10.00 deg. relative to the ZERO-LIFT LINE
 UPPER SURFACE       R=  1000000 MU = 0    R=  3000000 MU = 0    R=
       S        U     1    H32     DELTA2    2    H32     DELTA2
  0.00589   0.173       1.6200  0.000054       1.6200  0.000031
  0.01493   1.192       1.6200  0.000027       1.6200  0.000016
  0.02327   1.392       1.6042  0.000048       1.6042  0.000027
  0.03525   1.492       1.5958  0.000068       1.5958  0.000039
  0.05065   1.553       1.5911  0.000088       1.5911  0.000051
  0.06934   1.593       1.5881  0.000108       1.5881  0.000062
  0.09131   1.609       1.5806  0.000131       1.5806  0.000076
  0.11656   1.609       1.5732  0.000156       1.5732  0.000090
  0.14501   1.609       1.5734  0.000179       1.5734  0.000103
  0.17639   1.609       1.5733  0.000201       1.5733  0.000116
  0.21051   1.603       1.5681  0.000226       1.5681  0.000131
  0.24720   1.592       1.5627  0.000253       1.5627  0.000146
  0.28617   1.583       1.5612  0.000278       1.5612  0.000160
  0.32707   1.576       1.5609  0.000301       1.5609  0.000174
  0.36950   1.569       1.5610  0.000324       1.5610  0.000187
  0.41306   1.563       1.5612  0.000346       1.5612  0.000200
  0.45733   1.557       1.5613  0.000367       1.5613  0.000212
  0.50188   1.552       1.5614  0.000387       1.5614  0.000223
  0.54736   1.476      -1.5975  0.000511      -1.6558  0.000307
  0.59446   1.403      -1.6574  0.000679      -1.7182  0.000442
  0.64269   1.338      -1.6785  0.000880      -1.7311  0.000602
  0.69142   1.279      -1.6844  0.001106      -1.7327  0.000782
  0.73998   1.227      -1.6835  0.001354      -1.7306  0.000976
  0.78764   1.181      -1.6791  0.001617      -1.7266  0.001182
  0.83364   1.141      -1.6727  0.001892      -1.7218  0.001396
  0.87724   1.105      -1.6648  0.002172      -1.7163  0.001612
  0.91769   1.075      -1.6564  0.002450      -1.7104  0.001826
  0.95427   1.049      -1.6475  0.002717      -1.7045  0.002031
  0.98635   1.027      -1.6386  0.002967      -1.6987  0.002222
  1.01336   1.009      -1.6300  0.003191      -1.6932  0.002391
  1.03511   0.964      -1.5794  0.003821      -1.6580  0.002839
  1.05163   0.889      -1.4600  0.005368      -1.5627  0.003866
  1.06229   0.822      -1.4600  0.007271      -1.4600  0.005357
  1.06602   0.795      -1.4600  0.008303      -1.4600  0.006118
  BOUNDARY LAYER    AIRFOIL 1098        
   ALPHA= 10.00 deg. relative to the ZERO-LIFT LINE
 LOWER SURFACE       R=  1000000 MU = 0    R=  3000000 MU = 0    R=
       S        U     1    H32     DELTA2    2    H32     DELTA2
  0.00827   0.243       1.6200  0.000054       1.6200  0.000031
  0.02719   0.468       1.6190  0.000083       1.6190  0.000048
  0.05064   0.611       1.6143  0.000110       1.6143  0.000063
  0.07832   0.709       1.6103  0.000135       1.6103  0.000078
  0.10993   0.781       1.6066  0.000160       1.6066  0.000092
  0.14508   0.837       1.6040  0.000184       1.6040  0.000106
  0.18338   0.881       1.6020  0.000208       1.6020  0.000120
  0.22439   0.917       1.6005  0.000230       1.6005  0.000133
  0.26763   0.948       1.5993  0.000252       1.5993  0.000145
  0.31263   0.974       1.5985  0.000272       1.5985  0.000157
  0.35885   0.997       1.5978  0.000292       1.5978  0.000169
  0.40694   0.970       1.5388  0.000364       1.5388  0.000210
  0.45757   0.941      -1.5907  0.000444      -1.6333  0.000264
  0.51021   0.913      -1.6936  0.000582      -1.7329  0.000387
  0.56414   0.888      -1.7187  0.000753      -1.7461  0.000533
  0.61859   0.864      -1.7261  0.000937      -1.7495  0.000688
  0.67269   0.844      -1.7287  0.001128      -1.7507  0.000847
  0.72552   0.825      -1.7296  0.001319      -1.7513  0.001005
  0.77613   0.809      -1.7300  0.001506      -1.7517  0.001160
  0.82358   0.796      -1.7303  0.001681      -1.7521  0.001305
  0.86695   0.785      -1.7308  0.001839      -1.7527  0.001437
  0.90534   0.777      -1.7317  0.001975      -1.7536  0.001550
  0.93798   0.771      -1.7330  0.002083      -1.7549  0.001641
  0.96410   0.771      -1.7378  0.002128      -1.7591  0.001681
  0.98308   0.778      -1.7462  0.002101      -1.7667  0.001664
  0.99456   0.787      -1.7550  0.002040      -1.7744  0.001618
  0.99840   0.795      -1.7613  0.001981      -1.7800  0.001573
  BOUNDARY LAYER    AIRFOIL 1098        
   ALPHA= 12.00 deg. relative to the ZERO-LIFT LINE
 UPPER SURFACE       R=  1000000 MU = 0    R=  3000000 MU = 0    R=
       S        U     1    H32     DELTA2    2    H32     DELTA2
  0.01416   0.519       1.6200  0.000048       1.6200  0.000028
  0.02320   1.786       1.6200  0.000024       1.6200  0.000014
  0.03153   1.786       1.5726  0.000052       1.5726  0.000030
  0.04351   1.786       1.5726  0.000074       1.5726  0.000043
  0.05891   1.786       1.5726  0.000096       1.5726  0.000056
  0.07761   1.786       1.5727  0.000118       1.5727  0.000068
  0.09957   1.771       1.5649  0.000142       1.5649  0.000082
  0.12483   1.747       1.5565  0.000169       1.5565  0.000098
  0.15327   1.729       1.5567  0.000194       1.5567  0.000112
  0.18466   1.714       1.5575  0.000219       1.5575  0.000126
  0.21878   1.695       1.5526  0.000245       1.5526  0.000142
  0.25547   1.674       1.5458  0.000274       1.5458  0.000158
  0.29444   1.656       1.5443  0.000301       1.5443  0.000174
  0.33534   1.640       1.5442  0.000326       1.5442  0.000188
  0.37777   1.626       1.5446  0.000351       1.5446  0.000203
  0.42133   1.614       1.5449  0.000375       1.5449  0.000216
  0.46560   1.604       1.5449  0.000397       1.5449  0.000229
  0.51014   1.594       1.5448  0.000419       1.5448  0.000242
  0.55563   1.511      -1.6002  0.000558      -1.6637  0.000338
  0.60273   1.433      -1.6481  0.000740      -1.7146  0.000481
  0.65096   1.363      -1.6651  0.000956      -1.7259  0.000650
  0.69969   1.300      -1.6688  0.001200      -1.7266  0.000840
  0.74825   1.245      -1.6657  0.001469      -1.7235  0.001048
  0.79591   1.195      -1.6586  0.001759      -1.7182  0.001271
  0.84191   1.152      -1.6488  0.002065      -1.7117  0.001504
  0.88551   1.114      -1.6371  0.002380      -1.7044  0.001741
  0.92595   1.082      -1.6239  0.002698      -1.6965  0.001979
  0.96254   1.053      -1.6096  0.003011      -1.6883  0.002211
  0.99462   1.029      -1.5948  0.003311      -1.6800  0.002429
  1.02163   1.010      -1.5798  0.003589      -1.6719  0.002628
  1.04338   0.963      -1.5073  0.004381      -1.6298  0.003147
  1.05990   0.886      -1.4600  0.006136      -1.5119  0.004374
  1.07056   0.818      -1.4600  0.008371      -1.4600  0.006057
  1.07428   0.789      -1.4600  0.009630      -1.4600  0.006968
  BOUNDARY LAYER    AIRFOIL 1098        
   ALPHA= 12.00 deg. relative to the ZERO-LIFT LINE
 LOWER SURFACE       R=  1000000 MU = 0    R=  3000000 MU = 0    R=
       S        U     1    H32     DELTA2    2    H32     DELTA2
  0.01893   0.281       1.6200  0.000075       1.6200  0.000043
  0.04237   0.459       1.6184  0.000103       1.6184  0.000060
  0.07006   0.581       1.6146  0.000128       1.6146  0.000074
  0.10166   0.671       1.6110  0.000153       1.6110  0.000088
  0.13681   0.741       1.6081  0.000176       1.6081  0.000102
  0.17511   0.796       1.6059  0.000199       1.6059  0.000115
  0.21612   0.841       1.6042  0.000221       1.6042  0.000127
  0.25936   0.879       1.6029  0.000242       1.6029  0.000140
  0.30436   0.912       1.6019  0.000262       1.6019  0.000151
  0.35058   0.941       1.6013  0.000280       1.6013  0.000162
  0.39867   0.921       1.5506  0.000347       1.5506  0.000200
  0.44930   0.898       1.5272  0.000411       1.5272  0.000238
  0.50194   0.876      -1.5928  0.000487      -1.6351  0.000289
  0.55587   0.855      -1.6939  0.000620      -1.7330  0.000410
  0.61032   0.836      -1.7205  0.000782      -1.7475  0.000551
  0.66442   0.818      -1.7290  0.000954      -1.7517  0.000696
  0.71725   0.803      -1.7326  0.001125      -1.7536  0.000841
  0.76786   0.790      -1.7345  0.001292      -1.7550  0.000980
  0.81531   0.779      -1.7359  0.001448      -1.7562  0.001111
  0.85868   0.770      -1.7373  0.001587      -1.7575  0.001227
  0.89707   0.764      -1.7389  0.001705      -1.7590  0.001327
  0.92971   0.760      -1.7409  0.001796      -1.7608  0.001405
  0.95583   0.762      -1.7462  0.001832      -1.7655  0.001438
  0.97481   0.770      -1.7547  0.001804      -1.7732  0.001420
  0.98629   0.780      -1.7636  0.001745      -1.7811  0.001376
  0.99013   0.789      -1.7704  0.001686      -1.7872  0.001331



 SUMMARY       AIRFOIL 1098        
   ANGLE OF ATTACK RELATIVE TO THE ZERO-LIFT LINE
   ALPHA0=  4.844 DEGREES
 * indicates bubble analog longer than  0.030
         R=  1000000   mu= 0   R=  3000000   mu= 0   R=
 ALPHA =  2.00 DEGREES
         1 S TURB S SEP    CD    2 S TURB S SEP    CD
  UPPER   0.5243 0.0001 0.0045    0.5243 0.0000 0.0035 
  LOWER   0.6155 0.0000 0.0032    0.6155 0.0000 0.0025 
  TOTAL   CL= 0.220 CD= 0.0077   CL= 0.220 CD= 0.0061   CL=
                CM=-0.1250          CM=-0.1250          CM=
 ALPHA =  8.00 DEGREES
         1 S TURB S SEP    CD    2 S TURB S SEP    CD
  UPPER   0.5424 0.0115 0.0063    0.5424 0.0035 0.0047 
  LOWER   0.5826 0.0000 0.0022    0.5826 0.0000 0.0018 
  TOTAL   CL= 0.868 CD= 0.0085   CL= 0.876 CD= 0.0064   CL=
                CM=-0.1395          CM=-0.1415          CM=
 ALPHA = 10.00 DEGREES
         1 S TURB S SEP    CD    2 S TURB S SEP    CD
  UPPER   0.5483 0.0174 0.0070*   0.5483 0.0071 0.0052 
  LOWER   0.5578 0.0000 0.0019    0.5578 0.0000 0.0015 
  TOTAL   CL= 1.079 CD= 0.0089   CL= 1.092 CD= 0.0067   CL=
                CM=-0.1436          CM=-0.1465          CM=
 ALPHA = 12.00 DEGREES
         1 S TURB S SEP    CD    2 S TURB S SEP    CD
  UPPER   0.5551 0.0265 0.0079*   0.5551 0.0112 0.0057 
  LOWER   0.5070 0.0000 0.0016    0.5070 0.0000 0.0013 
  TOTAL   CL= 1.286 CD= 0.0095   CL= 1.306 CD= 0.0070   CL=
                CM=-0.1466          CM=-0.1513          CM=
