 Data:TRA1  1097 2350  750    0 1100 6000  200    0  700    0    0    0    0    0    0
 TRA1:1097        
 Data:TRA2  1097  400 1450  200 1000  650  400 1450  200 1000  650  300  400    0    0
 Entering Tranpo, jab=           3
 Trapro iteration   5.28982691E-02   8.99999949E+09   6.50000000    
 Trapro iteration  -7.85496086E-04   5.28982691E-02   5.75848246    
 Trapro iteration   2.86847353E-06  -7.85496086E-04   5.76916265    
 Trapro iteration  -7.07805157E-08   2.86847353E-06   5.76912355    
 Trapro iteration   4.84287739E-08  -7.07805157E-08   5.76912451    
 Trapro iteration  -4.09781933E-08   4.84287739E-08   5.76912403    
 Trapro iteration   4.84287739E-08  -4.09781933E-08   5.76912451    
 Trapro iteration  -4.09781933E-08  -4.09781933E-08   5.76912403    
 Trapro iteration   5.26308864E-02   8.99999949E+09   6.50000000    
 Trapro iteration  -7.88036734E-04   5.26308864E-02   5.74562597    
 Trapro iteration   2.96905637E-06  -7.88036734E-04   5.75658417    
 Trapro iteration   3.72529030E-09   2.96905637E-06   5.75654268    
 Trapro iteration   3.72529030E-09   3.72529030E-09   5.75654268    
 Trapro iteration   3.72529030E-09   3.72529030E-09   5.75654268    
 Trapro iteration   5.30598760E-02   8.99999949E+09   6.50000000    
 Trapro iteration  -7.84117728E-04   5.30598760E-02   5.76625395    
 Trapro iteration   2.74181366E-06  -7.84117728E-04   5.77677011    
 Trapro iteration  -1.49011612E-08   2.74181366E-06   5.77673340    
 Trapro iteration  -1.49011612E-08  -1.49011612E-08   5.77673340    
 Trapro iteration  -1.49011612E-08  -1.49011612E-08   5.77673340    
 Data:ALFA     4  200  800 1000 1200
 Data:RE  121   03    100003    3000
 Data:ENDE
